// Jest Snapshot v1, https://goo.gl/fbAQLP

exports[`renders correctly 1`] = `
<div>
  <div
    className="carousel carousel slide"
    onKeyDown={[Function]}
    onMouseOut={[Function]}
    onMouseOver={[Function]}
    onTouchEnd={[Function]}
    onTouchMove={[Function]}
    onTouchStart={[Function]}
  >
    <div
      className="carousel-indicators"
    >
      <button
        aria-current={true}
        aria-label="Slide 1"
        className="active"
        data-bs-target=""
        onClick={[Function]}
        type="button"
      />
      <button
        aria-current={false}
        aria-label="Slide 2"
        data-bs-target=""
        onClick={[Function]}
        type="button"
      />
      <button
        aria-current={false}
        aria-label="Slide 3"
        data-bs-target=""
        onClick={[Function]}
        type="button"
      />
      <button
        aria-current={false}
        aria-label="Slide 4"
        data-bs-target=""
        onClick={[Function]}
        type="button"
      />
    </div>
    <div
      className="carousel-inner"
    >
      <div
        className="active carousel-item"
        interval={1000}
      >
        <img
          alt="First slide"
          className="d-block w-100 "
          src="BURJ KHALIFA.jpg"
        />
        <div
          className="carousel-caption"
        >
          <h3
            className="burj-head"
          >
            BURJ KHALIFA
          </h3>
          <p
            className="burj-khalifa"
          >
            The Burj Khalifa is a mixed-use skyscraper located in Dubai, U.A.E. It is the world’s tallest building, according to all three of the main criteria by which such buildings are judged. The Burj Khalifa was officially named to honour the president of the neighbouring emirate of Abu Dhabi, Sheikh Khalīfah ibn Zāyid Āl Nahyān.
            <button
              className="btn btn-tag btn-rounded btn btn-outline-secondary"
              disabled={false}
              type="button"
            >
              Read More
            </button>
          </p>
        </div>
      </div>
      <div
        className="carousel-item"
        interval={500}
      >
        <img
          alt="Second slide"
          className="d-block w-100"
          src="BURJ KHALIFA2.jpg"
        />
        <div
          className="carousel-caption"
        >
          <h3>
            BURJ KHALIFA
          </h3>
          <p>
            The Burj Khalifa is a mixed-use skyscraper located in Dubai, U.A.E. It is the world’s tallest building, according to all three of the main criteria by which such buildings are judged. The Burj Khalifa was officially named to honour the president of the neighbouring emirate of Abu Dhabi, Sheikh Khalīfah ibn Zāyid Āl Nahyān.
            <button
              className="btn btn-tag btn-rounded btn btn-outline-secondary"
              disabled={false}
              type="button"
            >
              Read More
            </button>
          </p>
        </div>
      </div>
      <div
        className="carousel-item"
      >
        <img
          alt="Third slide"
          className="d-block w-100"
          src="Workplace.jpg"
        />
        <div
          className="carousel-caption"
        >
          <h3>
            Work Space
          </h3>
          <p>
            This is the new modern workspace and this is how you can set up your own work space as a developer or a designer.
            <button
              className="btn btn-tag btn-rounded btn btn-outline-secondary"
              disabled={false}
              type="button"
            >
              Read More
            </button>
          </p>
        </div>
      </div>
      <div
        className="carousel-item"
      >
        <img
          alt="Fourth slide"
          className="d-block w-100"
          src="Efeirtower.jpg"
        />
        <div
          className="carousel-caption"
        >
          <h3
            className="eiffer-head"
          >
            The Eiffel Tower
          </h3>
          <p
            className="eiffel-tower"
          >
            The Eiffel Tower is the most visited monument with an entrance fee in the world: 6.91 million people ascended it in 2015. It was designated a monument history in 1964, and was named part of a UNESCO World Heritage Site ("Paris, Banks of the Seine") in 1991.
            <button
              className="btn btn-tag btn-rounded btn btn-outline-secondary"
              disabled={false}
              type="button"
            >
              Read More
            </button>
          </p>
        </div>
      </div>
    </div>
    <a
      className="carousel-control-prev"
      href="#"
      onClick={[Function]}
      onKeyDown={[Function]}
      role="button"
      tabIndex={0}
    >
      <span
        aria-hidden="true"
        className="carousel-control-prev-icon"
      />
      <span
        className="visually-hidden"
      >
        Previous
      </span>
    </a>
    <a
      className="carousel-control-next"
      href="#"
      onClick={[Function]}
      onKeyDown={[Function]}
      role="button"
      tabIndex={0}
    >
      <span
        aria-hidden="true"
        className="carousel-control-next-icon"
      />
      <span
        className="visually-hidden"
      >
        Next
      </span>
    </a>
  </div>
  <div
    className="categories"
  >
    <button
      className="btn btn-tag btn-rounded btn btn-outline-secondary"
      disabled={false}
      onClick={[Function]}
      type="button"
    >
      All
    </button>
    <button
      className="btn btn-tag btn-rounded btn btn-outline-secondary"
      disabled={false}
      onClick={[Function]}
      type="button"
    >
      Education
    </button>
    <button
      className="btn btn-tag btn-rounded btn btn-outline-secondary"
      disabled={false}
      onClick={[Function]}
      type="button"
    >
      Science
    </button>
    <button
      className="btn btn-tag btn-rounded btn btn-outline-secondary"
      disabled={false}
      onClick={[Function]}
      type="button"
    >
      Health
    </button>
    <button
      className="btn btn-tag btn-rounded btn btn-outline-secondary"
      disabled={false}
      onClick={[Function]}
      type="button"
    >
      Technology
    </button>
  </div>
  <div
    className="home-container"
  />
</div>
`;
